// Jest Snapshot v1, https://goo.gl/fbAQLP

exports[`schema works for example schema 1`] = `null`;
